App.tsx(139,9): error TS2339: Property 'group' does not exist on type 'JSX.IntrinsicElements'.
App.tsx(141,17): error TS2339: Property 'group' does not exist on type 'JSX.IntrinsicElements'.
App.tsx(143,21): error TS2339: Property 'group' does not exist on type 'JSX.IntrinsicElements'.
App.tsx(147,25): error TS2339: Property 'mesh' does not exist on type 'JSX.IntrinsicElements'.
App.tsx(148,29): error TS2339: Property 'planeGeometry' does not exist on type 'JSX.IntrinsicElements'.
App.tsx(149,29): error TS2339: Property 'meshBasicMaterial' does not exist on type 'JSX.IntrinsicElements'.
App.tsx(150,25): error TS2339: Property 'mesh' does not exist on type 'JSX.IntrinsicElements'.
App.tsx(151,25): error TS2339: Property 'mesh' does not exist on type 'JSX.IntrinsicElements'.
App.tsx(152,29): error TS2339: Property 'planeGeometry' does not exist on type 'JSX.IntrinsicElements'.
App.tsx(153,29): error TS2339: Property 'meshBasicMaterial' does not exist on type 'JSX.IntrinsicElements'.
App.tsx(154,25): error TS2339: Property 'mesh' does not exist on type 'JSX.IntrinsicElements'.
App.tsx(155,21): error TS2339: Property 'group' does not exist on type 'JSX.IntrinsicElements'.
App.tsx(161,21): error TS2339: Property 'group' does not exist on type 'JSX.IntrinsicElements'.
App.tsx(165,25): error TS2339: Property 'mesh' does not exist on type 'JSX.IntrinsicElements'.
App.tsx(166,29): error TS2339: Property 'planeGeometry' does not exist on type 'JSX.IntrinsicElements'.
App.tsx(167,29): error TS2339: Property 'meshBasicMaterial' does not exist on type 'JSX.IntrinsicElements'.
App.tsx(168,25): error TS2339: Property 'mesh' does not exist on type 'JSX.IntrinsicElements'.
App.tsx(169,25): error TS2339: Property 'mesh' does not exist on type 'JSX.IntrinsicElements'.
App.tsx(170,29): error TS2339: Property 'planeGeometry' does not exist on type 'JSX.IntrinsicElements'.
App.tsx(171,29): error TS2339: Property 'meshBasicMaterial' does not exist on type 'JSX.IntrinsicElements'.
App.tsx(172,25): error TS2339: Property 'mesh' does not exist on type 'JSX.IntrinsicElements'.
App.tsx(173,21): error TS2339: Property 'group' does not exist on type 'JSX.IntrinsicElements'.
App.tsx(174,17): error TS2339: Property 'group' does not exist on type 'JSX.IntrinsicElements'.
App.tsx(176,9): error TS2339: Property 'group' does not exist on type 'JSX.IntrinsicElements'.
App.tsx(437,25): error TS2322: Type '{ children: Element; disableNormalPass: true; }' is not assignable to type 'IntrinsicAttributes & EffectComposerProps & RefAttributes<unknown>'.
  Property 'disableNormalPass' does not exist on type 'IntrinsicAttributes & EffectComposerProps & RefAttributes<unknown>'. Did you mean 'enableNormalPass'?
App.tsx(787,17): error TS2322: Type '{ HANUMAN?: number; GAO_YORD?: number; TWIN_TIGER?: number; NAGA?: number; }' is not assignable to type 'Record<SakYantType, number>'.
  Property 'HANUMAN' is optional in type '{ HANUMAN?: number; GAO_YORD?: number; TWIN_TIGER?: number; NAGA?: number; }' but required in type 'Record<SakYantType, number>'.
App.tsx(788,17): error TS2322: Type '{ HANUMAN?: number; GAO_YORD?: number; TWIN_TIGER?: number; NAGA?: number; }' is not assignable to type 'Record<SakYantType, number>'.
  Property 'HANUMAN' is optional in type '{ HANUMAN?: number; GAO_YORD?: number; TWIN_TIGER?: number; NAGA?: number; }' but required in type 'Record<SakYantType, number>'.
App.tsx(789,17): error TS2322: Type '{ DARA?: boolean; SOMBATH?: boolean; VIBOL?: boolean; }' is not assignable to type 'Record<HeroId, boolean>'.
  Property 'DARA' is optional in type '{ DARA?: boolean; SOMBATH?: boolean; VIBOL?: boolean; }' but required in type 'Record<HeroId, boolean>'.
App.tsx(790,17): error TS2322: Type '{ DARA?: number; SOMBATH?: number; VIBOL?: number; }' is not assignable to type 'Record<HeroId, number>'.
  Property 'DARA' is optional in type '{ DARA?: number; SOMBATH?: number; VIBOL?: number; }' but required in type 'Record<HeroId, number>'.
App.tsx(791,17): error TS2322: Type '{ DARA?: number; SOMBATH?: number; VIBOL?: number; }' is not assignable to type 'Record<HeroId, number>'.
  Property 'DARA' is optional in type '{ DARA?: number; SOMBATH?: number; VIBOL?: number; }' but required in type 'Record<HeroId, number>'.
App.tsx(1634,21): error TS2339: Property 'ambientLight' does not exist on type 'JSX.IntrinsicElements'.
App.tsx(1637,25): error TS2339: Property 'spotLight' does not exist on type 'JSX.IntrinsicElements'.
components/Arena.tsx(7,5): error TS2339: Property 'group' does not exist on type 'JSX.IntrinsicElements'.
components/Arena.tsx(9,7): error TS2339: Property 'mesh' does not exist on type 'JSX.IntrinsicElements'.
components/Arena.tsx(10,9): error TS2339: Property 'planeGeometry' does not exist on type 'JSX.IntrinsicElements'.
components/Arena.tsx(11,9): error TS2339: Property 'meshStandardMaterial' does not exist on type 'JSX.IntrinsicElements'.
components/Arena.tsx(12,7): error TS2339: Property 'mesh' does not exist on type 'JSX.IntrinsicElements'.
components/Arena.tsx(15,7): error TS2339: Property 'mesh' does not exist on type 'JSX.IntrinsicElements'.
components/Arena.tsx(16,9): error TS2339: Property 'planeGeometry' does not exist on type 'JSX.IntrinsicElements'.
components/Arena.tsx(17,9): error TS2339: Property 'meshStandardMaterial' does not exist on type 'JSX.IntrinsicElements'.
components/Arena.tsx(18,7): error TS2339: Property 'mesh' does not exist on type 'JSX.IntrinsicElements'.
components/Arena.tsx(22,9): error TS2339: Property 'mesh' does not exist on type 'JSX.IntrinsicElements'.
components/Arena.tsx(23,11): error TS2339: Property 'cylinderGeometry' does not exist on type 'JSX.IntrinsicElements'.
components/Arena.tsx(24,11): error TS2339: Property 'meshStandardMaterial' does not exist on type 'JSX.IntrinsicElements'.
components/Arena.tsx(25,9): error TS2339: Property 'mesh' does not exist on type 'JSX.IntrinsicElements'.
components/Arena.tsx(30,9): error TS2339: Property 'group' does not exist on type 'JSX.IntrinsicElements'.
components/Arena.tsx(32,11): error TS2339: Property 'mesh' does not exist on type 'JSX.IntrinsicElements'.
components/Arena.tsx(33,14): error TS2339: Property 'boxGeometry' does not exist on type 'JSX.IntrinsicElements'.
components/Arena.tsx(34,14): error TS2339: Property 'meshStandardMaterial' does not exist on type 'JSX.IntrinsicElements'.
components/Arena.tsx(35,11): error TS2339: Property 'mesh' does not exist on type 'JSX.IntrinsicElements'.
components/Arena.tsx(37,11): error TS2339: Property 'mesh' does not exist on type 'JSX.IntrinsicElements'.
components/Arena.tsx(38,14): error TS2339: Property 'boxGeometry' does not exist on type 'JSX.IntrinsicElements'.
components/Arena.tsx(39,14): error TS2339: Property 'meshStandardMaterial' does not exist on type 'JSX.IntrinsicElements'.
components/Arena.tsx(40,11): error TS2339: Property 'mesh' does not exist on type 'JSX.IntrinsicElements'.
components/Arena.tsx(42,11): error TS2339: Property 'mesh' does not exist on type 'JSX.IntrinsicElements'.
components/Arena.tsx(43,14): error TS2339: Property 'boxGeometry' does not exist on type 'JSX.IntrinsicElements'.
components/Arena.tsx(44,14): error TS2339: Property 'meshStandardMaterial' does not exist on type 'JSX.IntrinsicElements'.
components/Arena.tsx(45,11): error TS2339: Property 'mesh' does not exist on type 'JSX.IntrinsicElements'.
components/Arena.tsx(47,11): error TS2339: Property 'mesh' does not exist on type 'JSX.IntrinsicElements'.
components/Arena.tsx(48,14): error TS2339: Property 'boxGeometry' does not exist on type 'JSX.IntrinsicElements'.
components/Arena.tsx(49,14): error TS2339: Property 'meshStandardMaterial' does not exist on type 'JSX.IntrinsicElements'.
components/Arena.tsx(50,11): error TS2339: Property 'mesh' does not exist on type 'JSX.IntrinsicElements'.
components/Arena.tsx(51,9): error TS2339: Property 'group' does not exist on type 'JSX.IntrinsicElements'.
components/Arena.tsx(56,7): error TS2339: Property 'spotLight' does not exist on type 'JSX.IntrinsicElements'.
components/Arena.tsx(64,5): error TS2339: Property 'group' does not exist on type 'JSX.IntrinsicElements'.
components/CreationHistory.tsx(6,68): error TS2307: Cannot find module '@heroicons/react/24/outline' or its corresponding type declarations.
components/Diagrams.tsx(8,41): error TS2307: Cannot find module 'framer-motion' or its corresponding type declarations.
components/Fighter.tsx(54,9): error TS2339: Property 'group' does not exist on type 'JSX.IntrinsicElements'.
components/Fighter.tsx(57,13): error TS2339: Property 'pointLight' does not exist on type 'JSX.IntrinsicElements'.
components/Fighter.tsx(58,9): error TS2339: Property 'group' does not exist on type 'JSX.IntrinsicElements'.
components/Fighter.tsx(65,9): error TS2339: Property 'group' does not exist on type 'JSX.IntrinsicElements'.
components/Fighter.tsx(70,13): error TS2339: Property 'pointLight' does not exist on type 'JSX.IntrinsicElements'.
components/Fighter.tsx(71,9): error TS2339: Property 'group' does not exist on type 'JSX.IntrinsicElements'.
components/Fighter.tsx(77,9): error TS2339: Property 'group' does not exist on type 'JSX.IntrinsicElements'.
components/Fighter.tsx(91,9): error TS2339: Property 'group' does not exist on type 'JSX.IntrinsicElements'.
components/Fighter.tsx(97,9): error TS2339: Property 'group' does not exist on type 'JSX.IntrinsicElements'.
components/Fighter.tsx(99,13): error TS2339: Property 'pointLight' does not exist on type 'JSX.IntrinsicElements'.
components/Fighter.tsx(112,9): error TS2339: Property 'group' does not exist on type 'JSX.IntrinsicElements'.
components/Fighter.tsx(119,9): error TS2339: Property 'group' does not exist on type 'JSX.IntrinsicElements'.
components/Fighter.tsx(121,13): error TS2339: Property 'mesh' does not exist on type 'JSX.IntrinsicElements'.
components/Fighter.tsx(122,17): error TS2339: Property 'torusGeometry' does not exist on type 'JSX.IntrinsicElements'.
components/Fighter.tsx(123,17): error TS2339: Property 'meshBasicMaterial' does not exist on type 'JSX.IntrinsicElements'.
components/Fighter.tsx(124,13): error TS2339: Property 'mesh' does not exist on type 'JSX.IntrinsicElements'.
components/Fighter.tsx(126,9): error TS2339: Property 'group' does not exist on type 'JSX.IntrinsicElements'.
components/Fighter.tsx(133,9): error TS2339: Property 'group' does not exist on type 'JSX.IntrinsicElements'.
components/Fighter.tsx(135,13): error TS2339: Property 'mesh' does not exist on type 'JSX.IntrinsicElements'.
components/Fighter.tsx(136,17): error TS2339: Property 'ringGeometry' does not exist on type 'JSX.IntrinsicElements'.
components/Fighter.tsx(137,17): error TS2339: Property 'meshBasicMaterial' does not exist on type 'JSX.IntrinsicElements'.
components/Fighter.tsx(138,13): error TS2339: Property 'mesh' does not exist on type 'JSX.IntrinsicElements'.
components/Fighter.tsx(139,13): error TS2339: Property 'mesh' does not exist on type 'JSX.IntrinsicElements'.
components/Fighter.tsx(140,17): error TS2339: Property 'ringGeometry' does not exist on type 'JSX.IntrinsicElements'.
components/Fighter.tsx(141,17): error TS2339: Property 'meshBasicMaterial' does not exist on type 'JSX.IntrinsicElements'.
components/Fighter.tsx(142,13): error TS2339: Property 'mesh' does not exist on type 'JSX.IntrinsicElements'.
components/Fighter.tsx(144,9): error TS2339: Property 'group' does not exist on type 'JSX.IntrinsicElements'.
components/Fighter.tsx(162,9): error TS2339: Property 'group' does not exist on type 'JSX.IntrinsicElements'.
components/Fighter.tsx(164,13): error TS2339: Property 'mesh' does not exist on type 'JSX.IntrinsicElements'.
components/Fighter.tsx(165,17): error TS2339: Property 'sphereGeometry' does not exist on type 'JSX.IntrinsicElements'.
components/Fighter.tsx(166,17): error TS2339: Property 'meshBasicMaterial' does not exist on type 'JSX.IntrinsicElements'.
components/Fighter.tsx(167,13): error TS2339: Property 'mesh' does not exist on type 'JSX.IntrinsicElements'.
components/Fighter.tsx(169,13): error TS2339: Property 'mesh' does not exist on type 'JSX.IntrinsicElements'.
components/Fighter.tsx(170,17): error TS2339: Property 'sphereGeometry' does not exist on type 'JSX.IntrinsicElements'.
components/Fighter.tsx(171,17): error TS2339: Property 'meshBasicMaterial' does not exist on type 'JSX.IntrinsicElements'.
components/Fighter.tsx(172,13): error TS2339: Property 'mesh' does not exist on type 'JSX.IntrinsicElements'.
components/Fighter.tsx(175,9): error TS2339: Property 'group' does not exist on type 'JSX.IntrinsicElements'.
components/Fighter.tsx(192,9): error TS2339: Property 'group' does not exist on type 'JSX.IntrinsicElements'.
components/Fighter.tsx(195,17): error TS2339: Property 'mesh' does not exist on type 'JSX.IntrinsicElements'.
components/Fighter.tsx(196,21): error TS2339: Property 'planeGeometry' does not exist on type 'JSX.IntrinsicElements'.
components/Fighter.tsx(197,21): error TS2339: Property 'meshBasicMaterial' does not exist on type 'JSX.IntrinsicElements'.
components/Fighter.tsx(198,17): error TS2339: Property 'mesh' does not exist on type 'JSX.IntrinsicElements'.
components/Fighter.tsx(201,13): error TS2339: Property 'pointLight' does not exist on type 'JSX.IntrinsicElements'.
components/Fighter.tsx(202,9): error TS2339: Property 'group' does not exist on type 'JSX.IntrinsicElements'.
components/Fighter.tsx(219,9): error TS2339: Property 'group' does not exist on type 'JSX.IntrinsicElements'.
components/Fighter.tsx(221,17): error TS2339: Property 'meshBasicMaterial' does not exist on type 'JSX.IntrinsicElements'.
components/Fighter.tsx(224,17): error TS2339: Property 'meshBasicMaterial' does not exist on type 'JSX.IntrinsicElements'.
components/Fighter.tsx(227,9): error TS2339: Property 'group' does not exist on type 'JSX.IntrinsicElements'.
components/Fighter.tsx(244,9): error TS2339: Property 'group' does not exist on type 'JSX.IntrinsicElements'.
components/Fighter.tsx(246,17): error TS2339: Property 'meshBasicMaterial' does not exist on type 'JSX.IntrinsicElements'.
components/Fighter.tsx(250,13): error TS2339: Property 'pointLight' does not exist on type 'JSX.IntrinsicElements'.
components/Fighter.tsx(251,9): error TS2339: Property 'group' does not exist on type 'JSX.IntrinsicElements'.
components/Fighter.tsx(262,38): error TS2339: Property 'opacity' does not exist on type 'Material | Material[]'.
  Property 'opacity' does not exist on type 'Material[]'.
components/Fighter.tsx(267,9): error TS2339: Property 'group' does not exist on type 'JSX.IntrinsicElements'.
components/Fighter.tsx(268,13): error TS2339: Property 'mesh' does not exist on type 'JSX.IntrinsicElements'.
components/Fighter.tsx(269,17): error TS2339: Property 'ringGeometry' does not exist on type 'JSX.IntrinsicElements'.
components/Fighter.tsx(270,17): error TS2339: Property 'meshBasicMaterial' does not exist on type 'JSX.IntrinsicElements'.
components/Fighter.tsx(271,13): error TS2339: Property 'mesh' does not exist on type 'JSX.IntrinsicElements'.
components/Fighter.tsx(280,9): error TS2339: Property 'group' does not exist on type 'JSX.IntrinsicElements'.
components/Fighter.tsx(297,9): error TS2339: Property 'group' does not exist on type 'JSX.IntrinsicElements'.
components/Fighter.tsx(298,13): error TS2339: Property 'group' does not exist on type 'JSX.IntrinsicElements'.
components/Fighter.tsx(301,21): error TS2339: Property 'meshBasicMaterial' does not exist on type 'JSX.IntrinsicElements'.
components/Fighter.tsx(304,21): error TS2339: Property 'meshBasicMaterial' does not exist on type 'JSX.IntrinsicElements'.
components/Fighter.tsx(306,13): error TS2339: Property 'group' does not exist on type 'JSX.IntrinsicElements'.
components/Fighter.tsx(315,9): error TS2339: Property 'group' does not exist on type 'JSX.IntrinsicElements'.
components/Fighter.tsx(364,9): error TS2339: Property 'pointLight' does not exist on type 'JSX.IntrinsicElements'.
components/Fighter.tsx(387,9): error TS2339: Property 'group' does not exist on type 'JSX.IntrinsicElements'.
components/Fighter.tsx(389,13): error TS2339: Property 'group' does not exist on type 'JSX.IntrinsicElements'.
components/Fighter.tsx(390,17): error TS2339: Property 'mesh' does not exist on type 'JSX.IntrinsicElements'.
components/Fighter.tsx(391,21): error TS2339: Property 'ringGeometry' does not exist on type 'JSX.IntrinsicElements'.
components/Fighter.tsx(392,21): error TS2339: Property 'meshBasicMaterial' does not exist on type 'JSX.IntrinsicElements'.
components/Fighter.tsx(393,17): error TS2339: Property 'mesh' does not exist on type 'JSX.IntrinsicElements'.
components/Fighter.tsx(394,17): error TS2339: Property 'mesh' does not exist on type 'JSX.IntrinsicElements'.
components/Fighter.tsx(395,21): error TS2339: Property 'cylinderGeometry' does not exist on type 'JSX.IntrinsicElements'.
components/Fighter.tsx(396,21): error TS2339: Property 'meshBasicMaterial' does not exist on type 'JSX.IntrinsicElements'.
components/Fighter.tsx(397,17): error TS2339: Property 'mesh' does not exist on type 'JSX.IntrinsicElements'.
components/Fighter.tsx(398,13): error TS2339: Property 'group' does not exist on type 'JSX.IntrinsicElements'.
components/Fighter.tsx(402,9): error TS2339: Property 'group' does not exist on type 'JSX.IntrinsicElements'.
components/Fighter.tsx(408,9): error TS2339: Property 'group' does not exist on type 'JSX.IntrinsicElements'.
components/Fighter.tsx(409,13): error TS2339: Property 'mesh' does not exist on type 'JSX.IntrinsicElements'.
components/Fighter.tsx(410,17): error TS2339: Property 'torusGeometry' does not exist on type 'JSX.IntrinsicElements'.
components/Fighter.tsx(411,17): error TS2339: Property 'meshStandardMaterial' does not exist on type 'JSX.IntrinsicElements'.
components/Fighter.tsx(412,13): error TS2339: Property 'mesh' does not exist on type 'JSX.IntrinsicElements'.
components/Fighter.tsx(414,17): error TS2339: Property 'mesh' does not exist on type 'JSX.IntrinsicElements'.
components/Fighter.tsx(415,21): error TS2339: Property 'mesh' does not exist on type 'JSX.IntrinsicElements'.
components/Fighter.tsx(416,25): error TS2339: Property 'boxGeometry' does not exist on type 'JSX.IntrinsicElements'.
components/Fighter.tsx(417,25): error TS2339: Property 'meshStandardMaterial' does not exist on type 'JSX.IntrinsicElements'.
components/Fighter.tsx(418,21): error TS2339: Property 'mesh' does not exist on type 'JSX.IntrinsicElements'.
components/Fighter.tsx(419,17): error TS2339: Property 'mesh' does not exist on type 'JSX.IntrinsicElements'.
components/Fighter.tsx(421,13): error TS2339: Property 'group' does not exist on type 'JSX.IntrinsicElements'.
components/Fighter.tsx(422,17): error TS2339: Property 'mesh' does not exist on type 'JSX.IntrinsicElements'.
components/Fighter.tsx(423,21): error TS2339: Property 'sphereGeometry' does not exist on type 'JSX.IntrinsicElements'.
components/Fighter.tsx(424,21): error TS2339: Property 'meshStandardMaterial' does not exist on type 'JSX.IntrinsicElements'.
components/Fighter.tsx(425,17): error TS2339: Property 'mesh' does not exist on type 'JSX.IntrinsicElements'.
components/Fighter.tsx(426,17): error TS2339: Property 'group' does not exist on type 'JSX.IntrinsicElements'.
components/Fighter.tsx(427,21): error TS2339: Property 'mesh' does not exist on type 'JSX.IntrinsicElements'.
components/Fighter.tsx(428,25): error TS2339: Property 'boxGeometry' does not exist on type 'JSX.IntrinsicElements'.
components/Fighter.tsx(429,25): error TS2339: Property 'meshStandardMaterial' does not exist on type 'JSX.IntrinsicElements'.
components/Fighter.tsx(430,21): error TS2339: Property 'mesh' does not exist on type 'JSX.IntrinsicElements'.
components/Fighter.tsx(431,17): error TS2339: Property 'group' does not exist on type 'JSX.IntrinsicElements'.
components/Fighter.tsx(432,17): error TS2339: Property 'group' does not exist on type 'JSX.IntrinsicElements'.
components/Fighter.tsx(433,21): error TS2339: Property 'mesh' does not exist on type 'JSX.IntrinsicElements'.
components/Fighter.tsx(434,25): error TS2339: Property 'boxGeometry' does not exist on type 'JSX.IntrinsicElements'.
components/Fighter.tsx(435,25): error TS2339: Property 'meshStandardMaterial' does not exist on type 'JSX.IntrinsicElements'.
components/Fighter.tsx(436,21): error TS2339: Property 'mesh' does not exist on type 'JSX.IntrinsicElements'.
components/Fighter.tsx(437,17): error TS2339: Property 'group' does not exist on type 'JSX.IntrinsicElements'.
components/Fighter.tsx(438,13): error TS2339: Property 'group' does not exist on type 'JSX.IntrinsicElements'.
components/Fighter.tsx(439,9): error TS2339: Property 'group' does not exist on type 'JSX.IntrinsicElements'.
components/Fighter.tsx(453,9): error TS2339: Property 'group' does not exist on type 'JSX.IntrinsicElements'.
components/Fighter.tsx(455,13): error TS2339: Property 'mesh' does not exist on type 'JSX.IntrinsicElements'.
components/Fighter.tsx(456,17): error TS2339: Property 'sphereGeometry' does not exist on type 'JSX.IntrinsicElements'.
components/Fighter.tsx(457,17): error TS2339: Property 'meshPhysicalMaterial' does not exist on type 'JSX.IntrinsicElements'.
components/Fighter.tsx(458,13): error TS2339: Property 'mesh' does not exist on type 'JSX.IntrinsicElements'.
components/Fighter.tsx(461,13): error TS2339: Property 'mesh' does not exist on type 'JSX.IntrinsicElements'.
components/Fighter.tsx(462,17): error TS2339: Property 'capsuleGeometry' does not exist on type 'JSX.IntrinsicElements'.
components/Fighter.tsx(463,17): error TS2339: Property 'meshPhysicalMaterial' does not exist on type 'JSX.IntrinsicElements'.
components/Fighter.tsx(464,13): error TS2339: Property 'mesh' does not exist on type 'JSX.IntrinsicElements'.
components/Fighter.tsx(467,13): error TS2339: Property 'mesh' does not exist on type 'JSX.IntrinsicElements'.
components/Fighter.tsx(468,17): error TS2339: Property 'sphereGeometry' does not exist on type 'JSX.IntrinsicElements'.
components/Fighter.tsx(469,17): error TS2339: Property 'meshPhysicalMaterial' does not exist on type 'JSX.IntrinsicElements'.
components/Fighter.tsx(470,13): error TS2339: Property 'mesh' does not exist on type 'JSX.IntrinsicElements'.
components/Fighter.tsx(473,13): error TS2339: Property 'group' does not exist on type 'JSX.IntrinsicElements'.
components/Fighter.tsx(475,17): error TS2339: Property 'mesh' does not exist on type 'JSX.IntrinsicElements'.
components/Fighter.tsx(476,21): error TS2339: Property 'capsuleGeometry' does not exist on type 'JSX.IntrinsicElements'.
components/Fighter.tsx(477,21): error TS2339: Property 'meshPhysicalMaterial' does not exist on type 'JSX.IntrinsicElements'.
components/Fighter.tsx(478,17): error TS2339: Property 'mesh' does not exist on type 'JSX.IntrinsicElements'.
components/Fighter.tsx(480,17): error TS2339: Property 'mesh' does not exist on type 'JSX.IntrinsicElements'.
components/Fighter.tsx(481,21): error TS2339: Property 'capsuleGeometry' does not exist on type 'JSX.IntrinsicElements'.
components/Fighter.tsx(482,21): error TS2339: Property 'meshPhysicalMaterial' does not exist on type 'JSX.IntrinsicElements'.
components/Fighter.tsx(483,17): error TS2339: Property 'mesh' does not exist on type 'JSX.IntrinsicElements'.
components/Fighter.tsx(486,17): error TS2339: Property 'mesh' does not exist on type 'JSX.IntrinsicElements'.
components/Fighter.tsx(487,21): error TS2339: Property 'sphereGeometry' does not exist on type 'JSX.IntrinsicElements'.
components/Fighter.tsx(488,21): error TS2339: Property 'meshPhysicalMaterial' does not exist on type 'JSX.IntrinsicElements'.
components/Fighter.tsx(489,17): error TS2339: Property 'mesh' does not exist on type 'JSX.IntrinsicElements'.
components/Fighter.tsx(492,17): error TS2339: Property 'group' does not exist on type 'JSX.IntrinsicElements'.
components/Fighter.tsx(493,21): error TS2339: Property 'mesh' does not exist on type 'JSX.IntrinsicElements'.
components/Fighter.tsx(494,25): error TS2339: Property 'boxGeometry' does not exist on type 'JSX.IntrinsicElements'.
components/Fighter.tsx(495,25): error TS2339: Property 'meshPhysicalMaterial' does not exist on type 'JSX.IntrinsicElements'.
components/Fighter.tsx(496,21): error TS2339: Property 'mesh' does not exist on type 'JSX.IntrinsicElements'.
components/Fighter.tsx(498,21): error TS2339: Property 'mesh' does not exist on type 'JSX.IntrinsicElements'.
components/Fighter.tsx(499,25): error TS2339: Property 'capsuleGeometry' does not exist on type 'JSX.IntrinsicElements'.
components/Fighter.tsx(500,25): error TS2339: Property 'meshPhysicalMaterial' does not exist on type 'JSX.IntrinsicElements'.
components/Fighter.tsx(501,21): error TS2339: Property 'mesh' does not exist on type 'JSX.IntrinsicElements'.
components/Fighter.tsx(502,17): error TS2339: Property 'group' does not exist on type 'JSX.IntrinsicElements'.
components/Fighter.tsx(505,21): error TS2339: Property 'group' does not exist on type 'JSX.IntrinsicElements'.
components/Fighter.tsx(507,21): error TS2339: Property 'group' does not exist on type 'JSX.IntrinsicElements'.
components/Fighter.tsx(509,13): error TS2339: Property 'group' does not exist on type 'JSX.IntrinsicElements'.
components/Fighter.tsx(510,9): error TS2339: Property 'group' does not exist on type 'JSX.IntrinsicElements'.
components/Fighter.tsx(519,9): error TS2339: Property 'group' does not exist on type 'JSX.IntrinsicElements'.
components/Fighter.tsx(520,13): error TS2339: Property 'mesh' does not exist on type 'JSX.IntrinsicElements'.
components/Fighter.tsx(521,17): error TS2339: Property 'planeGeometry' does not exist on type 'JSX.IntrinsicElements'.
components/Fighter.tsx(522,17): error TS2339: Property 'meshBasicMaterial' does not exist on type 'JSX.IntrinsicElements'.
components/Fighter.tsx(523,13): error TS2339: Property 'mesh' does not exist on type 'JSX.IntrinsicElements'.
components/Fighter.tsx(524,13): error TS2339: Property 'mesh' does not exist on type 'JSX.IntrinsicElements'.
components/Fighter.tsx(525,17): error TS2339: Property 'capsuleGeometry' does not exist on type 'JSX.IntrinsicElements'.
components/Fighter.tsx(526,17): error TS2339: Property 'meshBasicMaterial' does not exist on type 'JSX.IntrinsicElements'.
components/Fighter.tsx(527,13): error TS2339: Property 'mesh' does not exist on type 'JSX.IntrinsicElements'.
components/Fighter.tsx(529,17): error TS2339: Property 'mesh' does not exist on type 'JSX.IntrinsicElements'.
components/Fighter.tsx(530,21): error TS2339: Property 'boxGeometry' does not exist on type 'JSX.IntrinsicElements'.
components/Fighter.tsx(531,21): error TS2339: Property 'meshBasicMaterial' does not exist on type 'JSX.IntrinsicElements'.
components/Fighter.tsx(532,17): error TS2339: Property 'mesh' does not exist on type 'JSX.IntrinsicElements'.
components/Fighter.tsx(535,17): error TS2339: Property 'mesh' does not exist on type 'JSX.IntrinsicElements'.
components/Fighter.tsx(536,21): error TS2339: Property 'sphereGeometry' does not exist on type 'JSX.IntrinsicElements'.
components/Fighter.tsx(537,21): error TS2339: Property 'meshBasicMaterial' does not exist on type 'JSX.IntrinsicElements'.
components/Fighter.tsx(538,17): error TS2339: Property 'mesh' does not exist on type 'JSX.IntrinsicElements'.
components/Fighter.tsx(540,9): error TS2339: Property 'group' does not exist on type 'JSX.IntrinsicElements'.
components/Fighter.tsx(1325,9): error TS2339: Property 'group' does not exist on type 'JSX.IntrinsicElements'.
components/Fighter.tsx(1329,17): error TS2339: Property 'group' does not exist on type 'JSX.IntrinsicElements'.
components/Fighter.tsx(1331,21): error TS2339: Property 'pointLight' does not exist on type 'JSX.IntrinsicElements'.
components/Fighter.tsx(1332,17): error TS2339: Property 'group' does not exist on type 'JSX.IntrinsicElements'.
components/Fighter.tsx(1342,13): error TS2339: Property 'group' does not exist on type 'JSX.IntrinsicElements'.
components/Fighter.tsx(1343,17): error TS2339: Property 'mesh' does not exist on type 'JSX.IntrinsicElements'.
components/Fighter.tsx(1344,21): error TS2339: Property 'dodecahedronGeometry' does not exist on type 'JSX.IntrinsicElements'.
components/Fighter.tsx(1345,21): error TS2339: Property 'meshBasicMaterial' does not exist on type 'JSX.IntrinsicElements'.
components/Fighter.tsx(1346,17): error TS2339: Property 'mesh' does not exist on type 'JSX.IntrinsicElements'.
components/Fighter.tsx(1347,17): error TS2339: Property 'mesh' does not exist on type 'JSX.IntrinsicElements'.
components/Fighter.tsx(1348,21): error TS2339: Property 'dodecahedronGeometry' does not exist on type 'JSX.IntrinsicElements'.
components/Fighter.tsx(1349,21): error TS2339: Property 'meshStandardMaterial' does not exist on type 'JSX.IntrinsicElements'.
components/Fighter.tsx(1356,17): error TS2339: Property 'mesh' does not exist on type 'JSX.IntrinsicElements'.
components/Fighter.tsx(1357,13): error TS2339: Property 'group' does not exist on type 'JSX.IntrinsicElements'.
components/Fighter.tsx(1359,13): error TS2339: Property 'group' does not exist on type 'JSX.IntrinsicElements'.
components/Fighter.tsx(1361,13): error TS2339: Property 'group' does not exist on type 'JSX.IntrinsicElements'.
components/Fighter.tsx(1363,13): error TS2339: Property 'group' does not exist on type 'JSX.IntrinsicElements'.
components/Fighter.tsx(1364,17): error TS2339: Property 'mesh' does not exist on type 'JSX.IntrinsicElements'.
components/Fighter.tsx(1365,21): error TS2339: Property 'ringGeometry' does not exist on type 'JSX.IntrinsicElements'.
components/Fighter.tsx(1366,21): error TS2339: Property 'meshBasicMaterial' does not exist on type 'JSX.IntrinsicElements'.
components/Fighter.tsx(1367,17): error TS2339: Property 'mesh' does not exist on type 'JSX.IntrinsicElements'.
components/Fighter.tsx(1369,13): error TS2339: Property 'group' does not exist on type 'JSX.IntrinsicElements'.
components/Fighter.tsx(1372,17): error TS2339: Property 'group' does not exist on type 'JSX.IntrinsicElements'.
components/Fighter.tsx(1374,17): error TS2339: Property 'group' does not exist on type 'JSX.IntrinsicElements'.
components/Fighter.tsx(1378,13): error TS2339: Property 'group' does not exist on type 'JSX.IntrinsicElements'.
components/Fighter.tsx(1379,17): error TS2339: Property 'group' does not exist on type 'JSX.IntrinsicElements'.
components/Fighter.tsx(1382,25): error TS2339: Property 'group' does not exist on type 'JSX.IntrinsicElements'.
components/Fighter.tsx(1383,29): error TS2339: Property 'mesh' does not exist on type 'JSX.IntrinsicElements'.
components/Fighter.tsx(1384,33): error TS2339: Property 'sphereGeometry' does not exist on type 'JSX.IntrinsicElements'.
components/Fighter.tsx(1385,33): error TS2339: Property 'meshPhysicalMaterial' does not exist on type 'JSX.IntrinsicElements'.
components/Fighter.tsx(1386,29): error TS2339: Property 'mesh' does not exist on type 'JSX.IntrinsicElements'.
components/Fighter.tsx(1387,29): error TS2339: Property 'mesh' does not exist on type 'JSX.IntrinsicElements'.
components/Fighter.tsx(1388,33): error TS2339: Property 'boxGeometry' does not exist on type 'JSX.IntrinsicElements'.
components/Fighter.tsx(1389,33): error TS2339: Property 'meshPhysicalMaterial' does not exist on type 'JSX.IntrinsicElements'.
components/Fighter.tsx(1390,29): error TS2339: Property 'mesh' does not exist on type 'JSX.IntrinsicElements'.
components/Fighter.tsx(1391,29): error TS2339: Property 'mesh' does not exist on type 'JSX.IntrinsicElements'.
components/Fighter.tsx(1392,33): error TS2339: Property 'coneGeometry' does not exist on type 'JSX.IntrinsicElements'.
components/Fighter.tsx(1393,33): error TS2339: Property 'meshPhysicalMaterial' does not exist on type 'JSX.IntrinsicElements'.
components/Fighter.tsx(1394,29): error TS2339: Property 'mesh' does not exist on type 'JSX.IntrinsicElements'.
components/Fighter.tsx(1396,25): error TS2339: Property 'group' does not exist on type 'JSX.IntrinsicElements'.
components/Fighter.tsx(1398,17): error TS2339: Property 'group' does not exist on type 'JSX.IntrinsicElements'.
components/Fighter.tsx(1400,17): error TS2339: Property 'group' does not exist on type 'JSX.IntrinsicElements'.
components/Fighter.tsx(1403,25): error TS2339: Property 'group' does not exist on type 'JSX.IntrinsicElements'.
components/Fighter.tsx(1404,29): error TS2339: Property 'mesh' does not exist on type 'JSX.IntrinsicElements'.
components/Fighter.tsx(1405,33): error TS2339: Property 'cylinderGeometry' does not exist on type 'JSX.IntrinsicElements'.
components/Fighter.tsx(1406,33): error TS2339: Property 'meshPhysicalMaterial' does not exist on type 'JSX.IntrinsicElements'.
components/Fighter.tsx(1407,29): error TS2339: Property 'mesh' does not exist on type 'JSX.IntrinsicElements'.
components/Fighter.tsx(1408,29): error TS2339: Property 'mesh' does not exist on type 'JSX.IntrinsicElements'.
components/Fighter.tsx(1409,33): error TS2339: Property 'sphereGeometry' does not exist on type 'JSX.IntrinsicElements'.
components/Fighter.tsx(1410,33): error TS2339: Property 'meshPhysicalMaterial' does not exist on type 'JSX.IntrinsicElements'.
components/Fighter.tsx(1411,29): error TS2339: Property 'mesh' does not exist on type 'JSX.IntrinsicElements'.
components/Fighter.tsx(1412,29): error TS2339: Property 'mesh' does not exist on type 'JSX.IntrinsicElements'.
components/Fighter.tsx(1413,33): error TS2339: Property 'sphereGeometry' does not exist on type 'JSX.IntrinsicElements'.
components/Fighter.tsx(1414,33): error TS2339: Property 'meshPhysicalMaterial' does not exist on type 'JSX.IntrinsicElements'.
components/Fighter.tsx(1415,29): error TS2339: Property 'mesh' does not exist on type 'JSX.IntrinsicElements'.
components/Fighter.tsx(1416,29): error TS2339: Property 'mesh' does not exist on type 'JSX.IntrinsicElements'.
components/Fighter.tsx(1417,33): error TS2339: Property 'cylinderGeometry' does not exist on type 'JSX.IntrinsicElements'.
components/Fighter.tsx(1418,33): error TS2339: Property 'meshPhysicalMaterial' does not exist on type 'JSX.IntrinsicElements'.
components/Fighter.tsx(1419,29): error TS2339: Property 'mesh' does not exist on type 'JSX.IntrinsicElements'.
components/Fighter.tsx(1421,25): error TS2339: Property 'group' does not exist on type 'JSX.IntrinsicElements'.
components/Fighter.tsx(1425,21): error TS2339: Property 'group' does not exist on type 'JSX.IntrinsicElements'.
components/Fighter.tsx(1426,25): error TS2339: Property 'mesh' does not exist on type 'JSX.IntrinsicElements'.
components/Fighter.tsx(1427,29): error TS2339: Property 'capsuleGeometry' does not exist on type 'JSX.IntrinsicElements'.
components/Fighter.tsx(1428,29): error TS2339: Property 'meshPhysicalMaterial' does not exist on type 'JSX.IntrinsicElements'.
components/Fighter.tsx(1429,25): error TS2339: Property 'mesh' does not exist on type 'JSX.IntrinsicElements'.
components/Fighter.tsx(1430,25): error TS2339: Property 'mesh' does not exist on type 'JSX.IntrinsicElements'.
components/Fighter.tsx(1431,29): error TS2339: Property 'sphereGeometry' does not exist on type 'JSX.IntrinsicElements'.
components/Fighter.tsx(1432,29): error TS2339: Property 'meshPhysicalMaterial' does not exist on type 'JSX.IntrinsicElements'.
components/Fighter.tsx(1433,25): error TS2339: Property 'mesh' does not exist on type 'JSX.IntrinsicElements'.
components/Fighter.tsx(1434,25): error TS2339: Property 'group' does not exist on type 'JSX.IntrinsicElements'.
components/Fighter.tsx(1435,29): error TS2339: Property 'mesh' does not exist on type 'JSX.IntrinsicElements'.
components/Fighter.tsx(1436,33): error TS2339: Property 'capsuleGeometry' does not exist on type 'JSX.IntrinsicElements'.
components/Fighter.tsx(1437,33): error TS2339: Property 'meshPhysicalMaterial' does not exist on type 'JSX.IntrinsicElements'.
components/Fighter.tsx(1438,29): error TS2339: Property 'mesh' does not exist on type 'JSX.IntrinsicElements'.
components/Fighter.tsx(1439,29): error TS2339: Property 'mesh' does not exist on type 'JSX.IntrinsicElements'.
components/Fighter.tsx(1440,33): error TS2339: Property 'boxGeometry' does not exist on type 'JSX.IntrinsicElements'.
components/Fighter.tsx(1441,33): error TS2339: Property 'meshStandardMaterial' does not exist on type 'JSX.IntrinsicElements'.
components/Fighter.tsx(1442,29): error TS2339: Property 'mesh' does not exist on type 'JSX.IntrinsicElements'.
components/Fighter.tsx(1443,25): error TS2339: Property 'group' does not exist on type 'JSX.IntrinsicElements'.
components/Fighter.tsx(1444,21): error TS2339: Property 'group' does not exist on type 'JSX.IntrinsicElements'.
components/Fighter.tsx(1446,21): error TS2339: Property 'group' does not exist on type 'JSX.IntrinsicElements'.
components/Fighter.tsx(1447,25): error TS2339: Property 'mesh' does not exist on type 'JSX.IntrinsicElements'.
components/Fighter.tsx(1448,29): error TS2339: Property 'capsuleGeometry' does not exist on type 'JSX.IntrinsicElements'.
components/Fighter.tsx(1449,29): error TS2339: Property 'meshPhysicalMaterial' does not exist on type 'JSX.IntrinsicElements'.
components/Fighter.tsx(1450,25): error TS2339: Property 'mesh' does not exist on type 'JSX.IntrinsicElements'.
components/Fighter.tsx(1451,25): error TS2339: Property 'mesh' does not exist on type 'JSX.IntrinsicElements'.
components/Fighter.tsx(1452,29): error TS2339: Property 'sphereGeometry' does not exist on type 'JSX.IntrinsicElements'.
components/Fighter.tsx(1453,29): error TS2339: Property 'meshPhysicalMaterial' does not exist on type 'JSX.IntrinsicElements'.
components/Fighter.tsx(1454,25): error TS2339: Property 'mesh' does not exist on type 'JSX.IntrinsicElements'.
components/Fighter.tsx(1455,25): error TS2339: Property 'group' does not exist on type 'JSX.IntrinsicElements'.
components/Fighter.tsx(1456,29): error TS2339: Property 'mesh' does not exist on type 'JSX.IntrinsicElements'.
components/Fighter.tsx(1457,33): error TS2339: Property 'capsuleGeometry' does not exist on type 'JSX.IntrinsicElements'.
components/Fighter.tsx(1458,33): error TS2339: Property 'meshPhysicalMaterial' does not exist on type 'JSX.IntrinsicElements'.
components/Fighter.tsx(1459,29): error TS2339: Property 'mesh' does not exist on type 'JSX.IntrinsicElements'.
components/Fighter.tsx(1460,29): error TS2339: Property 'mesh' does not exist on type 'JSX.IntrinsicElements'.
components/Fighter.tsx(1461,33): error TS2339: Property 'boxGeometry' does not exist on type 'JSX.IntrinsicElements'.
components/Fighter.tsx(1462,33): error TS2339: Property 'meshStandardMaterial' does not exist on type 'JSX.IntrinsicElements'.
components/Fighter.tsx(1463,29): error TS2339: Property 'mesh' does not exist on type 'JSX.IntrinsicElements'.
components/Fighter.tsx(1467,33): error TS2339: Property 'group' does not exist on type 'JSX.IntrinsicElements'.
components/Fighter.tsx(1469,33): error TS2339: Property 'group' does not exist on type 'JSX.IntrinsicElements'.
components/Fighter.tsx(1472,33): error TS2339: Property 'group' does not exist on type 'JSX.IntrinsicElements'.
components/Fighter.tsx(1474,33): error TS2339: Property 'group' does not exist on type 'JSX.IntrinsicElements'.
components/Fighter.tsx(1476,25): error TS2339: Property 'group' does not exist on type 'JSX.IntrinsicElements'.
components/Fighter.tsx(1477,21): error TS2339: Property 'group' does not exist on type 'JSX.IntrinsicElements'.
components/Fighter.tsx(1478,17): error TS2339: Property 'group' does not exist on type 'JSX.IntrinsicElements'.
components/Fighter.tsx(1482,21): error TS2339: Property 'group' does not exist on type 'JSX.IntrinsicElements'.
components/Fighter.tsx(1483,25): error TS2339: Property 'mesh' does not exist on type 'JSX.IntrinsicElements'.
components/Fighter.tsx(1484,29): error TS2339: Property 'cylinderGeometry' does not exist on type 'JSX.IntrinsicElements'.
components/Fighter.tsx(1485,29): error TS2339: Property 'meshStandardMaterial' does not exist on type 'JSX.IntrinsicElements'.
components/Fighter.tsx(1486,25): error TS2339: Property 'mesh' does not exist on type 'JSX.IntrinsicElements'.
components/Fighter.tsx(1487,25): error TS2339: Property 'mesh' does not exist on type 'JSX.IntrinsicElements'.
components/Fighter.tsx(1488,29): error TS2339: Property 'boxGeometry' does not exist on type 'JSX.IntrinsicElements'.
components/Fighter.tsx(1489,29): error TS2339: Property 'meshStandardMaterial' does not exist on type 'JSX.IntrinsicElements'.
components/Fighter.tsx(1490,25): error TS2339: Property 'mesh' does not exist on type 'JSX.IntrinsicElements'.
components/Fighter.tsx(1491,25): error TS2339: Property 'mesh' does not exist on type 'JSX.IntrinsicElements'.
components/Fighter.tsx(1492,29): error TS2339: Property 'boxGeometry' does not exist on type 'JSX.IntrinsicElements'.
components/Fighter.tsx(1493,29): error TS2339: Property 'meshStandardMaterial' does not exist on type 'JSX.IntrinsicElements'.
components/Fighter.tsx(1494,25): error TS2339: Property 'mesh' does not exist on type 'JSX.IntrinsicElements'.
components/Fighter.tsx(1495,25): error TS2339: Property 'mesh' does not exist on type 'JSX.IntrinsicElements'.
components/Fighter.tsx(1496,29): error TS2339: Property 'boxGeometry' does not exist on type 'JSX.IntrinsicElements'.
components/Fighter.tsx(1497,29): error TS2339: Property 'meshStandardMaterial' does not exist on type 'JSX.IntrinsicElements'.
components/Fighter.tsx(1498,25): error TS2339: Property 'mesh' does not exist on type 'JSX.IntrinsicElements'.
components/Fighter.tsx(1499,21): error TS2339: Property 'group' does not exist on type 'JSX.IntrinsicElements'.
components/Fighter.tsx(1504,25): error TS2339: Property 'group' does not exist on type 'JSX.IntrinsicElements'.
components/Fighter.tsx(1506,25): error TS2339: Property 'group' does not exist on type 'JSX.IntrinsicElements'.
components/Fighter.tsx(1508,25): error TS2339: Property 'group' does not exist on type 'JSX.IntrinsicElements'.
components/Fighter.tsx(1516,33): error TS2339: Property 'group' does not exist on type 'JSX.IntrinsicElements'.
components/Fighter.tsx(1518,33): error TS2339: Property 'group' does not exist on type 'JSX.IntrinsicElements'.
components/Fighter.tsx(1521,33): error TS2339: Property 'group' does not exist on type 'JSX.IntrinsicElements'.
components/Fighter.tsx(1522,61): error TS2304: Cannot find name 'showFire'.
components/Fighter.tsx(1523,33): error TS2339: Property 'group' does not exist on type 'JSX.IntrinsicElements'.
components/Fighter.tsx(1525,25): error TS2339: Property 'group' does not exist on type 'JSX.IntrinsicElements'.
components/Fighter.tsx(1528,13): error TS2339: Property 'group' does not exist on type 'JSX.IntrinsicElements'.
components/Fighter.tsx(1530,9): error TS2339: Property 'group' does not exist on type 'JSX.IntrinsicElements'.
components/FloatingDamage.tsx(72,7): error TS2339: Property 'group' does not exist on type 'JSX.IntrinsicElements'.
components/FloatingDamage.tsx(87,7): error TS2339: Property 'group' does not exist on type 'JSX.IntrinsicElements'.
components/Hero.tsx(6,110): error TS2307: Cannot find module '@heroicons/react/24/outline' or its corresponding type declarations.
components/Hero.tsx(7,65): error TS2307: Cannot find module '@heroicons/react/24/solid' or its corresponding type declarations.
components/InputArea.tsx(6,60): error TS2307: Cannot find module '@heroicons/react/24/outline' or its corresponding type declarations.
components/LivePreview.tsx(6,104): error TS2307: Cannot find module '@heroicons/react/24/outline' or its corresponding type declarations.
components/QuantumScene.tsx(51,7): error TS2339: Property 'meshStandardMaterial' does not exist on type 'JSX.IntrinsicElements'.
components/QuantumScene.tsx(60,9): error TS2339: Property 'ambientLight' does not exist on type 'JSX.IntrinsicElements'.
components/QuantumScene.tsx(61,9): error TS2339: Property 'pointLight' does not exist on type 'JSX.IntrinsicElements'.
components/QuantumScene.tsx(83,9): error TS2339: Property 'ambientLight' does not exist on type 'JSX.IntrinsicElements'.
components/QuantumScene.tsx(84,9): error TS2339: Property 'spotLight' does not exist on type 'JSX.IntrinsicElements'.
components/QuantumScene.tsx(85,9): error TS2339: Property 'pointLight' does not exist on type 'JSX.IntrinsicElements'.
components/QuantumScene.tsx(89,11): error TS2339: Property 'group' does not exist on type 'JSX.IntrinsicElements'.
components/QuantumScene.tsx(94,15): error TS2339: Property 'meshStandardMaterial' does not exist on type 'JSX.IntrinsicElements'.
components/QuantumScene.tsx(99,15): error TS2339: Property 'meshStandardMaterial' does not exist on type 'JSX.IntrinsicElements'.
components/QuantumScene.tsx(104,15): error TS2339: Property 'meshStandardMaterial' does not exist on type 'JSX.IntrinsicElements'.
components/QuantumScene.tsx(109,16): error TS2339: Property 'meshStandardMaterial' does not exist on type 'JSX.IntrinsicElements'.
components/QuantumScene.tsx(112,16): error TS2339: Property 'meshStandardMaterial' does not exist on type 'JSX.IntrinsicElements'.
components/QuantumScene.tsx(115,16): error TS2339: Property 'meshStandardMaterial' does not exist on type 'JSX.IntrinsicElements'.
components/QuantumScene.tsx(118,16): error TS2339: Property 'meshStandardMaterial' does not exist on type 'JSX.IntrinsicElements'.
components/QuantumScene.tsx(123,16): error TS2339: Property 'meshStandardMaterial' does not exist on type 'JSX.IntrinsicElements'.
components/QuantumScene.tsx(126,16): error TS2339: Property 'meshStandardMaterial' does not exist on type 'JSX.IntrinsicElements'.
components/QuantumScene.tsx(131,16): error TS2339: Property 'meshStandardMaterial' does not exist on type 'JSX.IntrinsicElements'.
components/QuantumScene.tsx(134,16): error TS2339: Property 'meshStandardMaterial' does not exist on type 'JSX.IntrinsicElements'.
components/QuantumScene.tsx(139,17): error TS2339: Property 'meshStandardMaterial' does not exist on type 'JSX.IntrinsicElements'.
components/QuantumScene.tsx(141,11): error TS2339: Property 'group' does not exist on type 'JSX.IntrinsicElements'.
components/Scenery.tsx(20,9): error TS2339: Property 'group' does not exist on type 'JSX.IntrinsicElements'.
components/Scenery.tsx(22,14): error TS2339: Property 'mesh' does not exist on type 'JSX.IntrinsicElements'.
components/Scenery.tsx(23,18): error TS2339: Property 'boxGeometry' does not exist on type 'JSX.IntrinsicElements'.
components/Scenery.tsx(24,18): error TS2339: Property 'meshStandardMaterial' does not exist on type 'JSX.IntrinsicElements'.
components/Scenery.tsx(25,14): error TS2339: Property 'mesh' does not exist on type 'JSX.IntrinsicElements'.
components/Scenery.tsx(26,14): error TS2339: Property 'mesh' does not exist on type 'JSX.IntrinsicElements'.
components/Scenery.tsx(27,18): error TS2339: Property 'boxGeometry' does not exist on type 'JSX.IntrinsicElements'.
components/Scenery.tsx(28,18): error TS2339: Property 'meshStandardMaterial' does not exist on type 'JSX.IntrinsicElements'.
components/Scenery.tsx(29,14): error TS2339: Property 'mesh' does not exist on type 'JSX.IntrinsicElements'.
components/Scenery.tsx(30,14): error TS2339: Property 'mesh' does not exist on type 'JSX.IntrinsicElements'.
components/Scenery.tsx(31,18): error TS2339: Property 'boxGeometry' does not exist on type 'JSX.IntrinsicElements'.
components/Scenery.tsx(32,18): error TS2339: Property 'meshStandardMaterial' does not exist on type 'JSX.IntrinsicElements'.
components/Scenery.tsx(33,14): error TS2339: Property 'mesh' does not exist on type 'JSX.IntrinsicElements'.
components/Scenery.tsx(36,14): error TS2339: Property 'mesh' does not exist on type 'JSX.IntrinsicElements'.
components/Scenery.tsx(37,17): error TS2339: Property 'cylinderGeometry' does not exist on type 'JSX.IntrinsicElements'.
components/Scenery.tsx(38,17): error TS2339: Property 'meshStandardMaterial' does not exist on type 'JSX.IntrinsicElements'.
components/Scenery.tsx(39,14): error TS2339: Property 'mesh' does not exist on type 'JSX.IntrinsicElements'.
components/Scenery.tsx(40,14): error TS2339: Property 'mesh' does not exist on type 'JSX.IntrinsicElements'.
components/Scenery.tsx(41,17): error TS2339: Property 'cylinderGeometry' does not exist on type 'JSX.IntrinsicElements'.
components/Scenery.tsx(42,17): error TS2339: Property 'meshStandardMaterial' does not exist on type 'JSX.IntrinsicElements'.
components/Scenery.tsx(43,14): error TS2339: Property 'mesh' does not exist on type 'JSX.IntrinsicElements'.
components/Scenery.tsx(44,14): error TS2339: Property 'mesh' does not exist on type 'JSX.IntrinsicElements'.
components/Scenery.tsx(45,17): error TS2339: Property 'cylinderGeometry' does not exist on type 'JSX.IntrinsicElements'.
components/Scenery.tsx(46,17): error TS2339: Property 'meshStandardMaterial' does not exist on type 'JSX.IntrinsicElements'.
components/Scenery.tsx(47,14): error TS2339: Property 'mesh' does not exist on type 'JSX.IntrinsicElements'.
components/Scenery.tsx(48,14): error TS2339: Property 'mesh' does not exist on type 'JSX.IntrinsicElements'.
components/Scenery.tsx(49,17): error TS2339: Property 'coneGeometry' does not exist on type 'JSX.IntrinsicElements'.
components/Scenery.tsx(50,17): error TS2339: Property 'meshStandardMaterial' does not exist on type 'JSX.IntrinsicElements'.
components/Scenery.tsx(51,14): error TS2339: Property 'mesh' does not exist on type 'JSX.IntrinsicElements'.
components/Scenery.tsx(54,14): error TS2339: Property 'mesh' does not exist on type 'JSX.IntrinsicElements'.
components/Scenery.tsx(55,17): error TS2339: Property 'torusGeometry' does not exist on type 'JSX.IntrinsicElements'.
components/Scenery.tsx(56,17): error TS2339: Property 'meshStandardMaterial' does not exist on type 'JSX.IntrinsicElements'.
components/Scenery.tsx(57,14): error TS2339: Property 'mesh' does not exist on type 'JSX.IntrinsicElements'.
components/Scenery.tsx(58,9): error TS2339: Property 'group' does not exist on type 'JSX.IntrinsicElements'.
components/Scenery.tsx(65,9): error TS2339: Property 'group' does not exist on type 'JSX.IntrinsicElements'.
components/Scenery.tsx(66,13): error TS2339: Property 'mesh' does not exist on type 'JSX.IntrinsicElements'.
components/Scenery.tsx(67,18): error TS2339: Property 'cylinderGeometry' does not exist on type 'JSX.IntrinsicElements'.
components/Scenery.tsx(68,18): error TS2339: Property 'meshStandardMaterial' does not exist on type 'JSX.IntrinsicElements'.
components/Scenery.tsx(69,13): error TS2339: Property 'mesh' does not exist on type 'JSX.IntrinsicElements'.
components/Scenery.tsx(70,14): error TS2339: Property 'mesh' does not exist on type 'JSX.IntrinsicElements'.
components/Scenery.tsx(71,18): error TS2339: Property 'circleGeometry' does not exist on type 'JSX.IntrinsicElements'.
components/Scenery.tsx(72,18): error TS2339: Property 'meshStandardMaterial' does not exist on type 'JSX.IntrinsicElements'.
components/Scenery.tsx(73,14): error TS2339: Property 'mesh' does not exist on type 'JSX.IntrinsicElements'.
components/Scenery.tsx(74,9): error TS2339: Property 'group' does not exist on type 'JSX.IntrinsicElements'.
components/Scenery.tsx(94,9): error TS2339: Property 'group' does not exist on type 'JSX.IntrinsicElements'.
components/Scenery.tsx(96,13): error TS2339: Property 'mesh' does not exist on type 'JSX.IntrinsicElements'.
components/Scenery.tsx(97,17): error TS2339: Property 'planeGeometry' does not exist on type 'JSX.IntrinsicElements'.
components/Scenery.tsx(98,17): error TS2339: Property 'meshStandardMaterial' does not exist on type 'JSX.IntrinsicElements'.
components/Scenery.tsx(105,13): error TS2339: Property 'mesh' does not exist on type 'JSX.IntrinsicElements'.
components/Scenery.tsx(107,13): error TS2339: Property 'mesh' does not exist on type 'JSX.IntrinsicElements'.
components/Scenery.tsx(108,17): error TS2339: Property 'planeGeometry' does not exist on type 'JSX.IntrinsicElements'.
components/Scenery.tsx(109,17): error TS2339: Property 'meshStandardMaterial' does not exist on type 'JSX.IntrinsicElements'.
components/Scenery.tsx(110,13): error TS2339: Property 'mesh' does not exist on type 'JSX.IntrinsicElements'.
components/Scenery.tsx(113,17): error TS2339: Property 'mesh' does not exist on type 'JSX.IntrinsicElements'.
components/Scenery.tsx(114,21): error TS2339: Property 'planeGeometry' does not exist on type 'JSX.IntrinsicElements'.
components/Scenery.tsx(115,21): error TS2339: Property 'meshStandardMaterial' does not exist on type 'JSX.IntrinsicElements'.
components/Scenery.tsx(116,17): error TS2339: Property 'mesh' does not exist on type 'JSX.IntrinsicElements'.
components/Scenery.tsx(122,9): error TS2339: Property 'group' does not exist on type 'JSX.IntrinsicElements'.
components/Scenery.tsx(130,9): error TS2339: Property 'group' does not exist on type 'JSX.IntrinsicElements'.
components/Scenery.tsx(132,13): error TS2339: Property 'mesh' does not exist on type 'JSX.IntrinsicElements'.
components/Scenery.tsx(133,17): error TS2339: Property 'cylinderGeometry' does not exist on type 'JSX.IntrinsicElements'.
components/Scenery.tsx(134,17): error TS2339: Property 'meshStandardMaterial' does not exist on type 'JSX.IntrinsicElements'.
components/Scenery.tsx(135,13): error TS2339: Property 'mesh' does not exist on type 'JSX.IntrinsicElements'.
components/Scenery.tsx(138,18): error TS2339: Property 'mesh' does not exist on type 'JSX.IntrinsicElements'.
components/Scenery.tsx(139,22): error TS2339: Property 'boxGeometry' does not exist on type 'JSX.IntrinsicElements'.
components/Scenery.tsx(140,22): error TS2339: Property 'meshStandardMaterial' does not exist on type 'JSX.IntrinsicElements'.
components/Scenery.tsx(141,18): error TS2339: Property 'mesh' does not exist on type 'JSX.IntrinsicElements'.
components/Scenery.tsx(144,13): error TS2339: Property 'group' does not exist on type 'JSX.IntrinsicElements'.
components/Scenery.tsx(145,17): error TS2339: Property 'mesh' does not exist on type 'JSX.IntrinsicElements'.
components/Scenery.tsx(146,22): error TS2339: Property 'cylinderGeometry' does not exist on type 'JSX.IntrinsicElements'.
components/Scenery.tsx(147,22): error TS2339: Property 'meshStandardMaterial' does not exist on type 'JSX.IntrinsicElements'.
components/Scenery.tsx(148,17): error TS2339: Property 'mesh' does not exist on type 'JSX.IntrinsicElements'.
components/Scenery.tsx(149,17): error TS2339: Property 'mesh' does not exist on type 'JSX.IntrinsicElements'.
components/Scenery.tsx(150,22): error TS2339: Property 'sphereGeometry' does not exist on type 'JSX.IntrinsicElements'.
components/Scenery.tsx(151,22): error TS2339: Property 'meshStandardMaterial' does not exist on type 'JSX.IntrinsicElements'.
components/Scenery.tsx(152,17): error TS2339: Property 'mesh' does not exist on type 'JSX.IntrinsicElements'.
components/Scenery.tsx(153,13): error TS2339: Property 'group' does not exist on type 'JSX.IntrinsicElements'.
components/Scenery.tsx(154,9): error TS2339: Property 'group' does not exist on type 'JSX.IntrinsicElements'.
components/Scenery.tsx(160,17): error TS2339: Property 'meshBasicMaterial' does not exist on type 'JSX.IntrinsicElements'.
components/Scenery.tsx(162,9): error TS2339: Property 'group' does not exist on type 'JSX.IntrinsicElements'.
components/Scenery.tsx(163,13): error TS2339: Property 'group' does not exist on type 'JSX.IntrinsicElements'.
components/Scenery.tsx(164,17): error TS2339: Property 'mesh' does not exist on type 'JSX.IntrinsicElements'.
components/Scenery.tsx(165,21): error TS2339: Property 'planeGeometry' does not exist on type 'JSX.IntrinsicElements'.
components/Scenery.tsx(167,17): error TS2339: Property 'mesh' does not exist on type 'JSX.IntrinsicElements'.
components/Scenery.tsx(168,17): error TS2339: Property 'mesh' does not exist on type 'JSX.IntrinsicElements'.
components/Scenery.tsx(169,21): error TS2339: Property 'cylinderGeometry' does not exist on type 'JSX.IntrinsicElements'.
components/Scenery.tsx(171,17): error TS2339: Property 'mesh' does not exist on type 'JSX.IntrinsicElements'.
components/Scenery.tsx(172,13): error TS2339: Property 'group' does not exist on type 'JSX.IntrinsicElements'.
components/Scenery.tsx(174,17): error TS2339: Property 'group' does not exist on type 'JSX.IntrinsicElements'.
components/Scenery.tsx(175,21): error TS2339: Property 'mesh' does not exist on type 'JSX.IntrinsicElements'.
components/Scenery.tsx(176,25): error TS2339: Property 'planeGeometry' does not exist on type 'JSX.IntrinsicElements'.
components/Scenery.tsx(178,21): error TS2339: Property 'mesh' does not exist on type 'JSX.IntrinsicElements'.
components/Scenery.tsx(179,21): error TS2339: Property 'mesh' does not exist on type 'JSX.IntrinsicElements'.
components/Scenery.tsx(180,25): error TS2339: Property 'cylinderGeometry' does not exist on type 'JSX.IntrinsicElements'.
components/Scenery.tsx(182,21): error TS2339: Property 'mesh' does not exist on type 'JSX.IntrinsicElements'.
components/Scenery.tsx(183,17): error TS2339: Property 'group' does not exist on type 'JSX.IntrinsicElements'.
components/Scenery.tsx(186,17): error TS2339: Property 'group' does not exist on type 'JSX.IntrinsicElements'.
components/Scenery.tsx(187,21): error TS2339: Property 'mesh' does not exist on type 'JSX.IntrinsicElements'.
components/Scenery.tsx(188,25): error TS2339: Property 'planeGeometry' does not exist on type 'JSX.IntrinsicElements'.
components/Scenery.tsx(190,21): error TS2339: Property 'mesh' does not exist on type 'JSX.IntrinsicElements'.
components/Scenery.tsx(191,21): error TS2339: Property 'mesh' does not exist on type 'JSX.IntrinsicElements'.
components/Scenery.tsx(192,25): error TS2339: Property 'cylinderGeometry' does not exist on type 'JSX.IntrinsicElements'.
components/Scenery.tsx(194,21): error TS2339: Property 'mesh' does not exist on type 'JSX.IntrinsicElements'.
components/Scenery.tsx(195,17): error TS2339: Property 'group' does not exist on type 'JSX.IntrinsicElements'.
components/Scenery.tsx(197,13): error TS2339: Property 'mesh' does not exist on type 'JSX.IntrinsicElements'.
components/Scenery.tsx(198,17): error TS2339: Property 'planeGeometry' does not exist on type 'JSX.IntrinsicElements'.
components/Scenery.tsx(200,13): error TS2339: Property 'mesh' does not exist on type 'JSX.IntrinsicElements'.
components/Scenery.tsx(201,9): error TS2339: Property 'group' does not exist on type 'JSX.IntrinsicElements'.
components/Scenery.tsx(209,9): error TS2339: Property 'group' does not exist on type 'JSX.IntrinsicElements'.
components/Scenery.tsx(210,13): error TS2339: Property 'mesh' does not exist on type 'JSX.IntrinsicElements'.
components/Scenery.tsx(211,17): error TS2339: Property 'cylinderGeometry' does not exist on type 'JSX.IntrinsicElements'.
components/Scenery.tsx(212,17): error TS2339: Property 'meshBasicMaterial' does not exist on type 'JSX.IntrinsicElements'.
components/Scenery.tsx(213,13): error TS2339: Property 'mesh' does not exist on type 'JSX.IntrinsicElements'.
components/Scenery.tsx(218,21): error TS2339: Property 'group' does not exist on type 'JSX.IntrinsicElements'.
components/Scenery.tsx(219,25): error TS2339: Property 'mesh' does not exist on type 'JSX.IntrinsicElements'.
components/Scenery.tsx(220,29): error TS2339: Property 'sphereGeometry' does not exist on type 'JSX.IntrinsicElements'.
components/Scenery.tsx(221,29): error TS2339: Property 'meshStandardMaterial' does not exist on type 'JSX.IntrinsicElements'.
components/Scenery.tsx(222,25): error TS2339: Property 'mesh' does not exist on type 'JSX.IntrinsicElements'.
components/Scenery.tsx(223,25): error TS2339: Property 'pointLight' does not exist on type 'JSX.IntrinsicElements'.
components/Scenery.tsx(224,21): error TS2339: Property 'group' does not exist on type 'JSX.IntrinsicElements'.
components/Scenery.tsx(227,9): error TS2339: Property 'group' does not exist on type 'JSX.IntrinsicElements'.
components/Scenery.tsx(236,9): error TS2339: Property 'group' does not exist on type 'JSX.IntrinsicElements'.
components/Scenery.tsx(238,14): error TS2339: Property 'mesh' does not exist on type 'JSX.IntrinsicElements'.
components/Scenery.tsx(239,18): error TS2339: Property 'boxGeometry' does not exist on type 'JSX.IntrinsicElements'.
components/Scenery.tsx(240,18): error TS2339: Property 'meshStandardMaterial' does not exist on type 'JSX.IntrinsicElements'.
components/Scenery.tsx(241,14): error TS2339: Property 'mesh' does not exist on type 'JSX.IntrinsicElements'.
components/Scenery.tsx(242,14): error TS2339: Property 'mesh' does not exist on type 'JSX.IntrinsicElements'.
components/Scenery.tsx(243,18): error TS2339: Property 'boxGeometry' does not exist on type 'JSX.IntrinsicElements'.
components/Scenery.tsx(244,18): error TS2339: Property 'meshStandardMaterial' does not exist on type 'JSX.IntrinsicElements'.
components/Scenery.tsx(245,14): error TS2339: Property 'mesh' does not exist on type 'JSX.IntrinsicElements'.
components/Scenery.tsx(246,14): error TS2339: Property 'mesh' does not exist on type 'JSX.IntrinsicElements'.
components/Scenery.tsx(247,18): error TS2339: Property 'boxGeometry' does not exist on type 'JSX.IntrinsicElements'.
components/Scenery.tsx(248,18): error TS2339: Property 'meshStandardMaterial' does not exist on type 'JSX.IntrinsicElements'.
components/Scenery.tsx(249,14): error TS2339: Property 'mesh' does not exist on type 'JSX.IntrinsicElements'.
components/Scenery.tsx(250,14): error TS2339: Property 'mesh' does not exist on type 'JSX.IntrinsicElements'.
components/Scenery.tsx(251,18): error TS2339: Property 'boxGeometry' does not exist on type 'JSX.IntrinsicElements'.
components/Scenery.tsx(252,18): error TS2339: Property 'meshStandardMaterial' does not exist on type 'JSX.IntrinsicElements'.
components/Scenery.tsx(253,14): error TS2339: Property 'mesh' does not exist on type 'JSX.IntrinsicElements'.
components/Scenery.tsx(256,14): error TS2339: Property 'mesh' does not exist on type 'JSX.IntrinsicElements'.
components/Scenery.tsx(257,18): error TS2339: Property 'boxGeometry' does not exist on type 'JSX.IntrinsicElements'.
components/Scenery.tsx(258,18): error TS2339: Property 'meshStandardMaterial' does not exist on type 'JSX.IntrinsicElements'.
components/Scenery.tsx(259,14): error TS2339: Property 'mesh' does not exist on type 'JSX.IntrinsicElements'.
components/Scenery.tsx(262,14): error TS2339: Property 'group' does not exist on type 'JSX.IntrinsicElements'.
components/Scenery.tsx(263,18): error TS2339: Property 'mesh' does not exist on type 'JSX.IntrinsicElements'.
components/Scenery.tsx(264,22): error TS2339: Property 'boxGeometry' does not exist on type 'JSX.IntrinsicElements'.
components/Scenery.tsx(265,22): error TS2339: Property 'meshStandardMaterial' does not exist on type 'JSX.IntrinsicElements'.
components/Scenery.tsx(266,18): error TS2339: Property 'mesh' does not exist on type 'JSX.IntrinsicElements'.
components/Scenery.tsx(268,18): error TS2339: Property 'mesh' does not exist on type 'JSX.IntrinsicElements'.
components/Scenery.tsx(269,22): error TS2339: Property 'boxGeometry' does not exist on type 'JSX.IntrinsicElements'.
components/Scenery.tsx(270,22): error TS2339: Property 'meshBasicMaterial' does not exist on type 'JSX.IntrinsicElements'.
components/Scenery.tsx(271,18): error TS2339: Property 'mesh' does not exist on type 'JSX.IntrinsicElements'.
components/Scenery.tsx(272,14): error TS2339: Property 'group' does not exist on type 'JSX.IntrinsicElements'.
components/Scenery.tsx(275,14): error TS2339: Property 'group' does not exist on type 'JSX.IntrinsicElements'.
components/Scenery.tsx(276,17): error TS2339: Property 'mesh' does not exist on type 'JSX.IntrinsicElements'.
components/Scenery.tsx(277,21): error TS2339: Property 'sphereGeometry' does not exist on type 'JSX.IntrinsicElements'.
components/Scenery.tsx(278,21): error TS2339: Property 'meshBasicMaterial' does not exist on type 'JSX.IntrinsicElements'.
components/Scenery.tsx(279,17): error TS2339: Property 'mesh' does not exist on type 'JSX.IntrinsicElements'.
components/Scenery.tsx(280,17): error TS2339: Property 'pointLight' does not exist on type 'JSX.IntrinsicElements'.
components/Scenery.tsx(281,14): error TS2339: Property 'group' does not exist on type 'JSX.IntrinsicElements'.
components/Scenery.tsx(284,14): error TS2339: Property 'mesh' does not exist on type 'JSX.IntrinsicElements'.
components/Scenery.tsx(285,18): error TS2339: Property 'cylinderGeometry' does not exist on type 'JSX.IntrinsicElements'.
components/Scenery.tsx(286,18): error TS2339: Property 'meshStandardMaterial' does not exist on type 'JSX.IntrinsicElements'.
components/Scenery.tsx(287,14): error TS2339: Property 'mesh' does not exist on type 'JSX.IntrinsicElements'.
components/Scenery.tsx(288,14): error TS2339: Property 'mesh' does not exist on type 'JSX.IntrinsicElements'.
components/Scenery.tsx(289,18): error TS2339: Property 'boxGeometry' does not exist on type 'JSX.IntrinsicElements'.
components/Scenery.tsx(290,18): error TS2339: Property 'meshStandardMaterial' does not exist on type 'JSX.IntrinsicElements'.
components/Scenery.tsx(291,14): error TS2339: Property 'mesh' does not exist on type 'JSX.IntrinsicElements'.
components/Scenery.tsx(292,9): error TS2339: Property 'group' does not exist on type 'JSX.IntrinsicElements'.
components/Scenery.tsx(353,9): error TS2339: Property 'group' does not exist on type 'JSX.IntrinsicElements'.
components/Scenery.tsx(355,13): error TS2339: Property 'group' does not exist on type 'JSX.IntrinsicElements'.
components/Scenery.tsx(357,21): error TS2339: Property 'mesh' does not exist on type 'JSX.IntrinsicElements'.
components/Scenery.tsx(358,25): error TS2339: Property 'boxGeometry' does not exist on type 'JSX.IntrinsicElements'.
components/Scenery.tsx(359,25): error TS2339: Property 'meshStandardMaterial' does not exist on type 'JSX.IntrinsicElements'.
components/Scenery.tsx(360,21): error TS2339: Property 'mesh' does not exist on type 'JSX.IntrinsicElements'.
components/Scenery.tsx(362,13): error TS2339: Property 'group' does not exist on type 'JSX.IntrinsicElements'.
components/Scenery.tsx(363,14): error TS2339: Property 'group' does not exist on type 'JSX.IntrinsicElements'.
components/Scenery.tsx(365,21): error TS2339: Property 'mesh' does not exist on type 'JSX.IntrinsicElements'.
components/Scenery.tsx(366,25): error TS2339: Property 'boxGeometry' does not exist on type 'JSX.IntrinsicElements'.
components/Scenery.tsx(367,25): error TS2339: Property 'meshStandardMaterial' does not exist on type 'JSX.IntrinsicElements'.
components/Scenery.tsx(368,21): error TS2339: Property 'mesh' does not exist on type 'JSX.IntrinsicElements'.
components/Scenery.tsx(370,13): error TS2339: Property 'group' does not exist on type 'JSX.IntrinsicElements'.
components/Scenery.tsx(373,13): error TS2339: Property 'instancedMesh' does not exist on type 'JSX.IntrinsicElements'.
components/Scenery.tsx(374,17): error TS2339: Property 'capsuleGeometry' does not exist on type 'JSX.IntrinsicElements'.
components/Scenery.tsx(375,17): error TS2339: Property 'meshStandardMaterial' does not exist on type 'JSX.IntrinsicElements'.
components/Scenery.tsx(376,13): error TS2339: Property 'instancedMesh' does not exist on type 'JSX.IntrinsicElements'.
components/Scenery.tsx(377,9): error TS2339: Property 'group' does not exist on type 'JSX.IntrinsicElements'.
components/Scenery.tsx(423,5): error TS2339: Property 'group' does not exist on type 'JSX.IntrinsicElements'.
components/Scenery.tsx(424,7): error TS2339: Property 'ambientLight' does not exist on type 'JSX.IntrinsicElements'.
components/Scenery.tsx(425,7): error TS2339: Property 'directionalLight' does not exist on type 'JSX.IntrinsicElements'.
components/Scenery.tsx(434,7): error TS2339: Property 'mesh' does not exist on type 'JSX.IntrinsicElements'.
components/Scenery.tsx(435,9): error TS2339: Property 'sphereGeometry' does not exist on type 'JSX.IntrinsicElements'.
components/Scenery.tsx(436,9): error TS2339: Property 'meshBasicMaterial' does not exist on type 'JSX.IntrinsicElements'.
components/Scenery.tsx(437,7): error TS2339: Property 'mesh' does not exist on type 'JSX.IntrinsicElements'.
components/Scenery.tsx(442,11): error TS2339: Property 'group' does not exist on type 'JSX.IntrinsicElements'.
components/Scenery.tsx(443,47): error TS2322: Type '{ opacity: number; speed: number; width: number; depth: number; segments: number; color: string; }' is not assignable to type 'IntrinsicAttributes & Omit<CloudProps, "ref"> & RefAttributes<Group<Object3DEventMap>>'.
  Property 'width' does not exist on type 'IntrinsicAttributes & Omit<CloudProps, "ref"> & RefAttributes<Group<Object3DEventMap>>'.
components/Scenery.tsx(444,11): error TS2339: Property 'group' does not exist on type 'JSX.IntrinsicElements'.
components/Scenery.tsx(454,7): error TS2339: Property 'mesh' does not exist on type 'JSX.IntrinsicElements'.
components/Scenery.tsx(455,9): error TS2339: Property 'planeGeometry' does not exist on type 'JSX.IntrinsicElements'.
components/Scenery.tsx(456,9): error TS2339: Property 'meshStandardMaterial' does not exist on type 'JSX.IntrinsicElements'.
components/Scenery.tsx(457,7): error TS2339: Property 'mesh' does not exist on type 'JSX.IntrinsicElements'.
components/Scenery.tsx(461,11): error TS2339: Property 'group' does not exist on type 'JSX.IntrinsicElements'.
components/Scenery.tsx(464,19): error TS2339: Property 'group' does not exist on type 'JSX.IntrinsicElements'.
components/Scenery.tsx(467,19): error TS2339: Property 'group' does not exist on type 'JSX.IntrinsicElements'.
components/Scenery.tsx(474,11): error TS2339: Property 'group' does not exist on type 'JSX.IntrinsicElements'.
components/Scenery.tsx(476,11): error TS2339: Property 'group' does not exist on type 'JSX.IntrinsicElements'.
components/Scenery.tsx(480,11): error TS2339: Property 'group' does not exist on type 'JSX.IntrinsicElements'.
components/Scenery.tsx(487,11): error TS2339: Property 'group' does not exist on type 'JSX.IntrinsicElements'.
components/Scenery.tsx(488,14): error TS2339: Property 'mesh' does not exist on type 'JSX.IntrinsicElements'.
components/Scenery.tsx(489,18): error TS2339: Property 'boxGeometry' does not exist on type 'JSX.IntrinsicElements'.
components/Scenery.tsx(490,18): error TS2339: Property 'meshStandardMaterial' does not exist on type 'JSX.IntrinsicElements'.
components/Scenery.tsx(491,14): error TS2339: Property 'mesh' does not exist on type 'JSX.IntrinsicElements'.
components/Scenery.tsx(498,11): error TS2339: Property 'group' does not exist on type 'JSX.IntrinsicElements'.
components/Scenery.tsx(502,9): error TS2339: Property 'group' does not exist on type 'JSX.IntrinsicElements'.
components/Scenery.tsx(503,12): error TS2339: Property 'mesh' does not exist on type 'JSX.IntrinsicElements'.
components/Scenery.tsx(504,14): error TS2339: Property 'cylinderGeometry' does not exist on type 'JSX.IntrinsicElements'.
components/Scenery.tsx(505,14): error TS2339: Property 'meshStandardMaterial' does not exist on type 'JSX.IntrinsicElements'.
components/Scenery.tsx(506,12): error TS2339: Property 'mesh' does not exist on type 'JSX.IntrinsicElements'.
components/Scenery.tsx(507,12): error TS2339: Property 'mesh' does not exist on type 'JSX.IntrinsicElements'.
components/Scenery.tsx(508,14): error TS2339: Property 'cylinderGeometry' does not exist on type 'JSX.IntrinsicElements'.
components/Scenery.tsx(509,14): error TS2339: Property 'meshStandardMaterial' does not exist on type 'JSX.IntrinsicElements'.
components/Scenery.tsx(510,12): error TS2339: Property 'mesh' does not exist on type 'JSX.IntrinsicElements'.
components/Scenery.tsx(511,12): error TS2339: Property 'group' does not exist on type 'JSX.IntrinsicElements'.
components/Scenery.tsx(513,17): error TS2339: Property 'group' does not exist on type 'JSX.IntrinsicElements'.
components/Scenery.tsx(514,22): error TS2339: Property 'mesh' does not exist on type 'JSX.IntrinsicElements'.
components/Scenery.tsx(515,25): error TS2339: Property 'cylinderGeometry' does not exist on type 'JSX.IntrinsicElements'.
components/Scenery.tsx(516,25): error TS2339: Property 'meshStandardMaterial' does not exist on type 'JSX.IntrinsicElements'.
components/Scenery.tsx(517,21): error TS2339: Property 'mesh' does not exist on type 'JSX.IntrinsicElements'.
components/Scenery.tsx(518,17): error TS2339: Property 'group' does not exist on type 'JSX.IntrinsicElements'.
components/Scenery.tsx(520,12): error TS2339: Property 'group' does not exist on type 'JSX.IntrinsicElements'.
components/Scenery.tsx(521,9): error TS2339: Property 'group' does not exist on type 'JSX.IntrinsicElements'.
components/Scenery.tsx(525,11): error TS2339: Property 'mesh' does not exist on type 'JSX.IntrinsicElements'.
components/Scenery.tsx(526,15): error TS2339: Property 'coneGeometry' does not exist on type 'JSX.IntrinsicElements'.
components/Scenery.tsx(527,15): error TS2339: Property 'meshBasicMaterial' does not exist on type 'JSX.IntrinsicElements'.
components/Scenery.tsx(528,11): error TS2339: Property 'mesh' does not exist on type 'JSX.IntrinsicElements'.
components/Scenery.tsx(531,7): error TS2339: Property 'mesh' does not exist on type 'JSX.IntrinsicElements'.
components/Scenery.tsx(532,9): error TS2339: Property 'planeGeometry' does not exist on type 'JSX.IntrinsicElements'.
components/Scenery.tsx(533,9): error TS2339: Property 'meshStandardMaterial' does not exist on type 'JSX.IntrinsicElements'.
components/Scenery.tsx(534,7): error TS2339: Property 'mesh' does not exist on type 'JSX.IntrinsicElements'.
components/Scenery.tsx(536,5): error TS2339: Property 'group' does not exist on type 'JSX.IntrinsicElements'.
